sections
0880 - 1057 : DATA, code
1057 - 154b : DATA, data
154b - 1963 : BSS, bss
1963 - 9b00 : HEAP, heap
9b00 - 9efc : STACK, stack
00f7 - 00f7 : ZEROPAGE, zeropage
0801 - 0863 : DATA, startup
9efc - 9f00 : SSTACK, sstack
9efc - 9efc : SSTACK, zsm_irq_init@stack
9efc - 9efc : SSTACK, putch@stack
9efc - 9efc : SSTACK, ClearVERAScreen@stack
9efc - 9efc : SSTACK, vram_putn@stack
9efc - 9efc : SSTACK, SetPaletteColours@stack
9efc - 9efc : SSTACK, vera_spr_set@stack
9efc - 9efc : SSTACK, vera_spr_move@stack
9efc - 9efc : SSTACK, SetUpSprites@stack
9efc - 9efc : SSTACK, zsm_check@stack
9efc - 9efc : SSTACK, krnio_close@stack
9efc - 9efc : SSTACK, krnio_setnam@stack
9efc - 9efc : SSTACK, krnio_open@stack
9efc - 9efc : SSTACK, krnio_chkin@stack
9efc - 9efc : SSTACK, krnio_chrin@stack
9efc - 9efc : SSTACK, krnio_status@stack
9efc - 9efc : SSTACK, krnio_clrchn@stack
9efc - 9efc : SSTACK, zsm_fill@stack
9efc - 9efc : SSTACK, zsm_init@stack
9efc - 9efc : SSTACK, getchx@stack
9efc - 9efc : SSTACK, zsm_irq_play@stack
9efc - 9efc : SSTACK, Control@stack
9efc - 9efc : SSTACK, frame_wait@stack
9efc - 9efc : SSTACK, main@stack

regions
00f7 - 00ff : 0000, 0000, zeropage
0801 - 0880 : 0863, 0062, startup
0880 - 9b00 : 154b, 10e3, main

objects
9efc - 9f00 : sstack, STACK:sstack
0801 - 0863 : startup, NATIVE_CODE:startup
1057 - 1058 : spentry, DATA:data
154b - 154b : BSSStart, START:bss
1963 - 1963 : BSSEnd, END:bss
00f7 - 00f7 : ZeroStart, START:zeropage
00f7 - 00f7 : ZeroEnd, END:zeropage
9efc - 9efc : StackEnd, END:stack
0880 - 0938 : main, NATIVE_CODE:code
0938 - 0951 : zsm_irq_init, NATIVE_CODE:code
154b - 154d : oirq, DATA:bss
0951 - 0957 : irqt, NATIVE_CODE:code
0957 - 09b9 : irq, NATIVE_CODE:code
1058 - 1059 : zsm_playing, DATA:data
1059 - 105a : zsm_finished, DATA:data
09b9 - 0af2 : zsm_play, NATIVE_CODE:code
154d - 154e : zsm_delay, DATA:bss
154e - 194e : zsm_buffer, DATA:bss
194e - 1950 : zsm_pos, DATA:bss
0af2 - 0b06 : sfx_put, NATIVE_CODE:code
0b06 - 0b43 : ClearVERAScreen, NATIVE_CODE:code
0b43 - 0b49 : putch, NATIVE_CODE:code
0b49 - 0ca6 : SetUpSprites, NATIVE_CODE:code
0ca6 - 0ce1 : vram_putn, NATIVE_CODE:code
105a - 10dc : MainBG, DATA:data
0ce1 - 0d08 : SetPaletteColours, NATIVE_CODE:code
10dc - 10fc : BGPal, DATA:data
10fc - 12fc : ScrollerOutline, DATA:data
12fc - 14fc : Pause, DATA:data
0d08 - 0d65 : vera_spr_set, NATIVE_CODE:code
0d65 - 0d9e : vera_spr_move, NATIVE_CODE:code
1500 - 1520 : palette, DATA:data
0d9e - 0da2 : zsm_check, NATIVE_CODE:code
0da2 - 0dfb : zsm_init, NATIVE_CODE:code
14fc - 14fd : zsm_reading, DATA:data
0dfb - 0e03 : krnio_close, NATIVE_CODE:code
1950 - 1952 : zsm_wpos, DATA:bss
0e03 - 0e19 : krnio_setnam, NATIVE_CODE:code
0e19 - 0e41 : krnio_open, NATIVE_CODE:code
1952 - 1962 : krnio_pstatus, DATA:bss
0e41 - 0ee5 : zsm_fill, NATIVE_CODE:code
0ee5 - 0ef7 : krnio_chkin, NATIVE_CODE:code
0ef7 - 0f01 : krnio_chrin, NATIVE_CODE:code
0f01 - 0f0b : krnio_status, NATIVE_CODE:code
0f0b - 0f0f : krnio_clrchn, NATIVE_CODE:code
0f0f - 0f2d : *, DATA:code
0f2d - 0f49 : Control, NATIVE_CODE:code
0f49 - 0f53 : getchx, NATIVE_CODE:code
0f53 - 0f7a : getpch, NATIVE_CODE:code
14fd - 14fe : giocharmap, DATA:data
0f7a - 0f7e : zsm_irq_play, NATIVE_CODE:code
14fe - 1500 : FrameCount, DATA:data
1520 - 154b : TestText2, DATA:data
1962 - 1963 : off1, DATA:bss
0f7e - 0f8d : frame_wait, NATIVE_CODE:code
0f8d - 0f9b : negaccu, NATIVE_CODE:code
0f9b - 0fa9 : negtmp, NATIVE_CODE:code
0fa9 - 102e : divmod, NATIVE_CODE:code
102e - 1057 : mods16, NATIVE_CODE:code
