sections
0880 - 1fd0 : DATA, code
1fd0 - 58c4 : DATA, data
58c4 - 5d80 : BSS, bss
5d80 - 9b00 : HEAP, heap
9b00 - 9efc : STACK, stack
00f7 - 00f7 : ZEROPAGE, zeropage
0801 - 0863 : DATA, startup
9efc - 9f00 : SSTACK, sstack
9efc - 9efc : SSTACK, zsm_irq_init@stack
9efc - 9efc : SSTACK, putch@stack
9efc - 9efc : SSTACK, ClearVERAScreen@stack
9efc - 9efc : SSTACK, tileBaseConfig@stack
9efc - 9efc : SSTACK, memoryToMapMemoryAddress@stack
9efc - 9efc : SSTACK, vram_putn@stack
9efc - 9efc : SSTACK, rand@stack
9efc - 9efc : SSTACK, vera_spr_set@stack
9efc - 9efc : SSTACK, vera_spr_move@stack
9efc - 9efc : SSTACK, vera_spr_flip@stack
9efc - 9efc : SSTACK, vera_pal_putn@stack
9efc - 9efc : SSTACK, SetPaletteColours@stack
9efc - 9efc : SSTACK, SetUpSprites@stack
9efc - 9efc : SSTACK, getchx@stack
9efc - 9efc : SSTACK, MoveSprites@stack
9efc - 9efc : SSTACK, zsm_check@stack
9efc - 9efc : SSTACK, krnio_close@stack
9efc - 9efc : SSTACK, zsm_save_volume@stack
9efc - 9efc : SSTACK, krnio_setnam@stack
9efc - 9efc : SSTACK, krnio_open@stack
9efc - 9efc : SSTACK, krnio_chkin@stack
9efc - 9efc : SSTACK, krnio_chrin@stack
9efc - 9efc : SSTACK, krnio_status@stack
9efc - 9efc : SSTACK, krnio_clrchn@stack
9efc - 9efc : SSTACK, zsm_fill@stack
9efc - 9efc : SSTACK, SetPaletteIndex@stack
9efc - 9efc : SSTACK, ResetChars@stack
9efc - 9efc : SSTACK, zsm_restore_volume@stack
9efc - 9efc : SSTACK, zsm_irq_play@stack
9efc - 9efc : SSTACK, frame_wait@stack

regions
00f7 - 00ff : 0000, 0000, zeropage
0801 - 0880 : 0863, 0062, startup
0880 - 9b00 : 58c4, 5500, main

objects
9efc - 9f00 : sstack, STACK:sstack
0801 - 0863 : startup, NATIVE_CODE:startup
1fd0 - 1fd1 : spentry, DATA:data
58c4 - 58c4 : BSSStart, START:bss
5d80 - 5d80 : BSSEnd, END:bss
00f7 - 00f7 : ZeroStart, START:zeropage
00f7 - 00f7 : ZeroEnd, END:zeropage
9efc - 9efc : StackEnd, END:stack
0880 - 0bde : main, NATIVE_CODE:code
0bde - 0bf7 : zsm_irq_init, NATIVE_CODE:code
478d - 478f : oirq, DATA:bss
0bf7 - 0bfd : irqt, NATIVE_CODE:code
0bfd - 0c5f : irq, NATIVE_CODE:code
1fd1 - 1fd2 : zsm_playing, DATA:data
1fd2 - 1fd3 : zsm_finished, DATA:data
0c5f - 0d9e : zsm_play, NATIVE_CODE:code
1fd3 - 1fd4 : zsm_paused, DATA:data
478f - 4790 : zsm_delay, DATA:bss
58c4 - 5cc4 : zsm_buffer, DATA:bss
4790 - 4792 : zsm_pos, DATA:bss
0d9e - 0db7 : sfx_put, NATIVE_CODE:code
5d00 - 5d80 : vera_fm_s_regs, DATA:bss
0db7 - 0df4 : ClearVERAScreen, NATIVE_CODE:code
0df4 - 0dfa : putch, NATIVE_CODE:code
0dfa - 173a : SetUpSprites, NATIVE_CODE:code
173a - 1752 : tileBaseConfig, NATIVE_CODE:code
1752 - 175f : memoryToMapMemoryAddress, NATIVE_CODE:code
175f - 179a : vram_putn, NATIVE_CODE:code
1fd4 - 21b4 : MainBG, DATA:data
179a - 17c1 : rand, NATIVE_CODE:code
21b4 - 21b6 : seed, DATA:data
21b6 - 23b6 : VERASprite, DATA:data
23b6 - 25b6 : YMSprite, DATA:data
17c1 - 181e : vera_spr_set, NATIVE_CODE:code
181e - 1857 : vera_spr_move, NATIVE_CODE:code
2600 - 2700 : Pause, DATA:data
2700 - 2900 : Arrow, DATA:data
1857 - 1894 : vera_spr_flip, NATIVE_CODE:code
1894 - 18dd : vera_pal_putn, NATIVE_CODE:code
25b6 - 25d6 : palette, DATA:data
2900 - 2b00 : VolumeInd, DATA:data
2b00 - 2c00 : MainPupil, DATA:data
2c00 - 3000 : MainEyeBack, DATA:data
3000 - 3800 : TowerBase, DATA:data
3800 - 4000 : CharBox, DATA:data
4000 - 4200 : WavyHead, DATA:data
4200 - 4280 : WavySprite, DATA:data
18dd - 1904 : SetPaletteColours, NATIVE_CODE:code
25d6 - 25f6 : ButtonStageMax, DATA:data
4280 - 42a0 : ButtonStageMed, DATA:data
42a0 - 42c0 : ButtonStageMin, DATA:data
42c0 - 42cc : CharBoxPalette, DATA:data
42cc - 42d8 : WavyPal, DATA:data
42d8 - 42f8 : TextPal, DATA:data
4300 - 4310 : YMPal, DATA:data
4310 - 432a : VERAPal, DATA:data
432a - 472a : EyeTri, DATA:data
472a - 474a : BGPal, DATA:data
1904 - 190e : getchx, NATIVE_CODE:code
190e - 193f : getpch, NATIVE_CODE:code
25f6 - 25f7 : giocharmap, DATA:data
25f7 - 25f9 : p, DATA:data
25f9 - 25fb : Phase, DATA:data
25fb - 25fd : Phase2, DATA:data
25fd - 25ff : Phase3, DATA:data
193f - 1b36 : MoveSprites, NATIVE_CODE:code
4800 - 4900 : sintab, DATA:data
42f8 - 42fa : FrameCount, DATA:data
1b36 - 1b7a : PlayZSM, NATIVE_CODE:code
1b7a - 1b7e : zsm_check, NATIVE_CODE:code
1b7e - 1bdf : zsm_init, NATIVE_CODE:code
25ff - 2600 : zsm_reading, DATA:data
1bdf - 1be7 : krnio_close, NATIVE_CODE:code
1be7 - 1bff : zsm_silence, NATIVE_CODE:code
1bff - 1c31 : zsm_save_volume, NATIVE_CODE:code
4792 - 47a2 : vera_volumes, DATA:bss
47a2 - 47a4 : zsm_wpos, DATA:bss
1c31 - 1c47 : krnio_setnam, NATIVE_CODE:code
1c47 - 1c6f : krnio_open, NATIVE_CODE:code
47a4 - 47b4 : krnio_pstatus, DATA:bss
1c6f - 1d13 : zsm_fill, NATIVE_CODE:code
1d13 - 1d25 : krnio_chkin, NATIVE_CODE:code
1d25 - 1d2f : krnio_chrin, NATIVE_CODE:code
1d2f - 1d39 : krnio_status, NATIVE_CODE:code
1d39 - 1d3d : krnio_clrchn, NATIVE_CODE:code
1d3d - 1d5b : *, DATA:code
1d5b - 1d80 : *, DATA:code
1d80 - 1da7 : *, DATA:code
42fa - 42fb : LastSelectedSong, DATA:data
42fb - 42fd : PalTimer, DATA:data
474a - 476a : TowerPalFBlank, DATA:data
1da7 - 1e5a : SetPaletteIndex, NATIVE_CODE:code
42fd - 42ff : PalIndex, DATA:data
476a - 478a : TowerPalF1, DATA:data
42ff - 4300 : MaxSong, DATA:data
1e5a - 1e7f : ResetChars, NATIVE_CODE:code
478a - 478c : off1, DATA:data
1e7f - 1ea6 : Control, NATIVE_CODE:code
478c - 478d : paused, DATA:data
1ea6 - 1ec8 : zsm_pause, NATIVE_CODE:code
1ec8 - 1ef5 : zsm_restore_volume, NATIVE_CODE:code
1ef5 - 1ef9 : zsm_irq_play, NATIVE_CODE:code
4900 - 4f84 : TestText2, DATA:data
4f84 - 56e1 : Song1, DATA:data
5700 - 57c6 : Song2, DATA:data
5800 - 58c4 : Song3, DATA:data
1ef9 - 1f06 : frame_wait, NATIVE_CODE:code
1f06 - 1f14 : negaccu, NATIVE_CODE:code
1f14 - 1f22 : negtmp, NATIVE_CODE:code
1f22 - 1fa7 : divmod, NATIVE_CODE:code
1fa7 - 1fd0 : mods16, NATIVE_CODE:code
