sections
0880 - 1c23 : DATA, code
1c23 - 5f54 : DATA, data
5f54 - 5f54 : BSS, bss
5f54 - 9b00 : HEAP, heap
9b00 - 9eab : STACK, stack
10000 - 10000 : ZEROPAGE, zeropage
0801 - 0856 : DATA, startup
9ef8 - 9f00 : SSTACK, sstack
9ef8 - 9ef8 : SSTACK, getch@stack
9ef8 - 9ef8 : SSTACK, Control@stack
9ef8 - 9ef8 : SSTACK, puts@stack
9ee8 - 9ef8 : SSTACK, nformi@stack
9ee8 - 9ef8 : SSTACK, nforml@stack
9ef4 - 9ef8 : SSTACK, isinf@stack
9ef4 - 9ef4 : SSTACK, nformf@stack
9ee0 - 9ee8 : SSTACK, sformat@stack
9eae - 9ee0 : SSTACK, printf@stack
9ef8 - 9ef8 : SSTACK, sfx_put@stack
9ef8 - 9ef8 : SSTACK, frame_wait@stack
9ef8 - 9ef8 : SSTACK, delay@stack
9ef8 - 9ef8 : SSTACK, interpret@stack
9eab - 9eae : SSTACK, main@stack

regions
0080 - 00ff : 0000, 0000, zeropage
0801 - 0880 : 0856, 0055, startup
0880 - 9b00 : 5f54, 56d4, main

objects
9ef8 - 9f00 : sstack, STACK:sstack
0801 - 0856 : startup, NATIVE_CODE:startup
1c23 - 1c24 : spentry, DATA:data
5f54 - 5f54 : BSSStart, START:bss
5f54 - 5f54 : BSSEnd, END:bss
9eab - 9eab : StackEnd, END:stack
0880 - 08d8 : main, NATIVE_CODE:code
08d8 - 08f2 : Control, NATIVE_CODE:code
08f2 - 0900 : getch, NATIVE_CODE:code
0900 - 0927 : getpch, NATIVE_CODE:code
1c24 - 1c25 : giocharmap, DATA:data
0927 - 0955 : printf, NATIVE_CODE:code
0955 - 0de8 : sformat, NATIVE_CODE:code
0de8 - 0dfa : puts, NATIVE_CODE:code
0dfa - 0e3d : putpch, NATIVE_CODE:code
0e3d - 0fa4 : nformi, NATIVE_CODE:code
9ee8 - 9ef8 : buffer, BSS:nformi@stack
0fa4 - 1152 : nforml, NATIVE_CODE:code
9ee8 - 9ef8 : buffer, BSS:nforml@stack
1152 - 164b : nformf, NATIVE_CODE:code
164b - 166b : isinf, NATIVE_CODE:code
9ef4 - 9ef8 : x, BSS:isinf@stack
1c25 - 1c41 : fround5, DATA:data
9ee0 - 9ee8 : si, BSS:sformat@stack
9eae - 9ee0 : buff, BSS:printf@stack
166b - 166e : *, DATA:code
166e - 1720 : interpret, NATIVE_CODE:code
1720 - 1734 : sfx_put, NATIVE_CODE:code
1734 - 1762 : delay, NATIVE_CODE:code
1762 - 176f : frame_wait, NATIVE_CODE:code
1c41 - 5f54 : sound, DATA:data
9eab - 9eae : main@stack, BSS:main@stack
176f - 17b4 : freg, NATIVE_CODE:code
17b4 - 189b : faddsub, NATIVE_CODE:code
189b - 193c : fmul, NATIVE_CODE:code
193c - 196a : fmul8, NATIVE_CODE:code
196a - 1a18 : fdiv, NATIVE_CODE:code
1a18 - 1a36 : divs16, NATIVE_CODE:code
1a36 - 1a44 : negaccu, NATIVE_CODE:code
1a44 - 1a52 : negtmp, NATIVE_CODE:code
1a52 - 1ad7 : divmod, NATIVE_CODE:code
1ad7 - 1b00 : mods16, NATIVE_CODE:code
1b00 - 1b42 : f32_to_i16, NATIVE_CODE:code
1b42 - 1b60 : sint16_to_float, NATIVE_CODE:code
1b60 - 1b8d : uint16_to_float, NATIVE_CODE:code
1b8d - 1c23 : divmod32, NATIVE_CODE:code
