sections
0880 - 1c5a : DATA, code
1c5a - 5f8b : DATA, data
5f8b - 5f90 : BSS, bss
5f90 - 9b00 : HEAP, heap
9b00 - 9eab : STACK, stack
10000 - 10000 : ZEROPAGE, zeropage
0801 - 0856 : DATA, startup
9ef8 - 9f00 : SSTACK, sstack
9ef8 - 9ef8 : SSTACK, zsm_init@stack
9ef8 - 9ef8 : SSTACK, getchx@stack
9ef8 - 9ef8 : SSTACK, Control@stack
9ef8 - 9ef8 : SSTACK, puts@stack
9ee8 - 9ef8 : SSTACK, nformi@stack
9ee8 - 9ef8 : SSTACK, nforml@stack
9ef4 - 9ef8 : SSTACK, isinf@stack
9ef4 - 9ef4 : SSTACK, nformf@stack
9ee0 - 9ee8 : SSTACK, sformat@stack
9eae - 9ee0 : SSTACK, printf@stack
9ef8 - 9ef8 : SSTACK, sfx_put@stack
9ef8 - 9ef8 : SSTACK, zsm_play@stack
9ef8 - 9ef8 : SSTACK, frame_wait@stack
9eab - 9eae : SSTACK, main@stack

regions
0080 - 00ff : 0000, 0000, zeropage
0801 - 0880 : 0856, 0055, startup
0880 - 9b00 : 5f8b, 5710, main

objects
0801 - 0856 : startup, NATIVE_CODE:startup
1c5a - 1c5b : spentry, DATA:data
5f8b - 5f8b : BSSStart, START:bss
5f90 - 5f90 : BSSEnd, END:bss
9eab - 9eab : StackEnd, END:stack
0880 - 0909 : main, NATIVE_CODE:code
0909 - 0921 : zsm_init, NATIVE_CODE:code
5f8b - 5f8d : zsm_sound, DATA:bss
5f8d - 5f8f : zsm_pos, DATA:bss
5f8f - 5f90 : zsm_delay, DATA:bss
1c5b - 5f6e : sound, DATA:data
0921 - 093b : Control, NATIVE_CODE:code
093b - 0945 : getchx, NATIVE_CODE:code
0945 - 096c : getpch, NATIVE_CODE:code
5f6e - 5f6f : giocharmap, DATA:data
096c - 099a : printf, NATIVE_CODE:code
099a - 0e2d : sformat, NATIVE_CODE:code
0e2d - 0e3f : puts, NATIVE_CODE:code
0e3f - 0e82 : putpch, NATIVE_CODE:code
0e82 - 0fe9 : nformi, NATIVE_CODE:code
9ee8 - 9ef8 : buffer, BSS:nformi@stack
0fe9 - 1197 : nforml, NATIVE_CODE:code
9ee8 - 9ef8 : buffer, BSS:nforml@stack
1197 - 1690 : nformf, NATIVE_CODE:code
1690 - 16b0 : isinf, NATIVE_CODE:code
9ef4 - 9ef8 : x, BSS:isinf@stack
5f6f - 5f8b : fround5, DATA:data
9ee0 - 9ee8 : si, BSS:sformat@stack
9eae - 9ee0 : buff, BSS:printf@stack
16b0 - 16b3 : *, DATA:code
16b3 - 1785 : zsm_play, NATIVE_CODE:code
1785 - 1799 : sfx_put, NATIVE_CODE:code
1799 - 17a6 : frame_wait, NATIVE_CODE:code
9eab - 9eae : main@stack, BSS:main@stack
17a6 - 17eb : freg, NATIVE_CODE:code
17eb - 18d2 : faddsub, NATIVE_CODE:code
18d2 - 1973 : fmul, NATIVE_CODE:code
1973 - 19a1 : fmul8, NATIVE_CODE:code
19a1 - 1a4f : fdiv, NATIVE_CODE:code
1a4f - 1a6d : divs16, NATIVE_CODE:code
1a6d - 1a7b : negaccu, NATIVE_CODE:code
1a7b - 1a89 : negtmp, NATIVE_CODE:code
1a89 - 1b0e : divmod, NATIVE_CODE:code
1b0e - 1b37 : mods16, NATIVE_CODE:code
1b37 - 1b79 : f32_to_i16, NATIVE_CODE:code
1b79 - 1b97 : sint16_to_float, NATIVE_CODE:code
1b97 - 1bc4 : uint16_to_float, NATIVE_CODE:code
1bc4 - 1c5a : divmod32, NATIVE_CODE:code
